pinakotek
beer
bratwurst
beer
currywurst
beer  
king ludwig
currywurst
beer
